// Jest Snapshot v1, https://goo.gl/fbAQLP

exports[`render correctly back-home-link component 1`] = `
<a
  class="back-link"
  href="/"
>
  BACK
</a>
`;
