// Jest Snapshot v1, https://goo.gl/fbAQLP

exports[`render correctly error component 1`] = `
<div
  class="not-found"
>
  <a
    class="back-link"
    href="#/"
  >
    BACK
  </a>
  <p
    class="not-found__message"
  >
    Ooops nothing goes here...
  </p>
</div>
`;
